main.c:135:6:initialize	16	static
main.c:153:6:turnOnLED	16	static
main.c:157:6:turnOffLED	16	static
main.c:161:6:toggleLED	16	static
main.c:165:6:readButtonPeriod	8	static
main.c:175:6:readButtonIncrease	8	static
main.c:185:6:readButtonDecrease	8	static
main.c:195:6:adjustPeriod	8	static
main.c:212:6:readData	16	static
main.c:220:6:printDataTerminal	48	static
main.c:227:6:printDataLCD	24	static
main.c:258:6:FSM_Temperature	8	static
main.c:294:6:runHeater	8	static
main.c:302:6:runHeatPump	8	static
main.c:310:6:Fan1	16	static
main.c:331:5:main	8	static
main.c:396:6:SystemClock_Config	72	static
main.c:434:13:MX_I2C1_Init	8	static
main.c:468:13:MX_TIM2_Init	32	static
main.c:513:13:MX_TIM3_Init	32	static
main.c:558:13:MX_USART2_UART_Init	8	static
main.c:591:13:MX_GPIO_Init	40	static
main.c:650:6:HAL_TIM_PeriodElapsedCallback	16	static
main.c:677:6:Error_Handler	4	static,ignoring_inline_asm
